{"level":40,"time":"2026-04-23T13:12:32.369Z","msg":"[setupI18nMain] intl.onWarn [@formatjs/intl] \"defaultRichTextElements\" was specified but \"message\" was not pre-compiled. \nPlease consider using \"@formatjs/cli\" to pre-compile your messages for performance.\nFor more details see https://formatjs.github.io/docs/getting-started/message-distribution"}
{"level":40,"time":"2026-04-23T13:12:32.370Z","msg":"[setupI18nMain] intl.onWarn [@formatjs/intl] \"defaultRichTextElements\" was specified but \"message\" was not pre-compiled. \nPlease consider using \"@formatjs/cli\" to pre-compile your messages for performance.\nFor more details see https://formatjs.github.io/docs/getting-started/message-distribution"}
{"level":30,"time":"2026-04-23T13:12:32.372Z","msg":"[preconnect] libsignal net url: https://chat.signal.org"}
{"level":30,"time":"2026-04-23T13:12:32.372Z","msg":"[preconnect] libsignal net environment resolved to prod"}
{"level":30,"time":"2026-04-23T13:12:32.376Z","msg":"[preconnect] WebAPI: preconnect start"}
{"level":30,"time":"2026-04-23T13:12:32.441Z","msg":"[profiles] Profile Service initialized"}
{"level":30,"time":"2026-04-23T13:12:32.473Z","msg":"[preload] complete"}
{"level":30,"time":"2026-04-23T13:12:32.475Z","msg":"[@signalapp/libsignal-client] Initializing libsignal version:0.91.0 signal_node::logging rust/bridge/node/src/logging.rs:209"}
{"level":30,"time":"2026-04-23T13:12:32.545Z","msg":"[notifications] NotificationService initialized"}
{"level":30,"time":"2026-04-23T13:12:32.552Z","msg":"[incrementMessageCounter] initializeMessageCounter: defaulting to Date.now()"}
{"level":30,"time":"2026-04-23T13:12:32.553Z","msg":"[ourProfileKey] Our profile key service: initializing"}
{"level":30,"time":"2026-04-23T13:12:32.553Z","msg":"[background] page reloaded"}
{"level":30,"time":"2026-04-23T13:12:32.553Z","msg":"[background] environment: production"}
{"level":30,"time":"2026-04-23T13:12:32.554Z","msg":"[indexeddb] Checking for the existence of IndexedDB data..."}
{"level":30,"time":"2026-04-23T13:12:32.564Z","msg":"[background] Storage fetch"}
{"level":30,"time":"2026-04-23T13:12:32.566Z","msg":"[buildExpiration] Build expires (local): 2026-07-14T18:31:50.000Z"}
{"level":30,"time":"2026-04-23T13:12:32.566Z","msg":"[LibsignalNetRemoteConfig] Setting libsignal-net remote config {}"}
{"level":30,"time":"2026-04-23T13:12:32.567Z","msg":"[SocketManager] reconnecting after setting hasStoriesDisabled=false"}
{"level":30,"time":"2026-04-23T13:12:32.567Z","msg":"[SocketManager] reconnect: starting..."}
{"level":30,"time":"2026-04-23T13:12:32.567Z","msg":"[SocketManager] reconnect: complete."}
{"level":30,"time":"2026-04-23T13:12:32.567Z","msg":"[background] Initializing MessageReceiver"}
{"level":30,"time":"2026-04-23T13:12:32.567Z","msg":"[senderCertificate] Sender certificate service initialized"}
{"level":30,"time":"2026-04-23T13:12:32.567Z","msg":"[buildExpiration] Build expires (local): 2026-07-14T18:31:50.000Z"}
{"level":30,"time":"2026-04-23T13:12:32.567Z","msg":"[buildExpiration] expires in 7103957433ms"}
{"level":40,"time":"2026-04-23T13:12:32.568Z","msg":"[SocketManager] authenticate was called without credentials"}
{"level":30,"time":"2026-04-23T13:12:32.581Z","msg":"[background] Starting background data migration. Target version: 15"}
{"level":30,"time":"2026-04-23T13:12:32.582Z","msg":"[retryPlaceholders] constructor: Started with 0 items, lifespan of 3600000"}
{"level":30,"time":"2026-04-23T13:12:32.582Z","msg":"[ConversationController] starting initial fetch"}
{"level":30,"time":"2026-04-23T13:12:32.582Z","msg":"[ConversationController] done with initial fetch, got 0 conversations"}
{"level":40,"time":"2026-04-23T13:12:32.584Z","msg":"[ConversationController] conversationChanged: Rejecting change from [REDACTED]111 ([REDACTED]ad7), not in lookups"}
{"level":40,"time":"2026-04-23T13:12:32.585Z","msg":"[ConversationController] conversationChanged: Rejecting change from [REDACTED]111 ([REDACTED]ad7), not in lookups"}
{"level":30,"time":"2026-04-23T13:12:32.585Z","msg":"[SignalProtocolStore] Finished caching identityKeys data"}
{"level":30,"time":"2026-04-23T13:12:32.585Z","msg":"[SignalProtocolStore] Finished caching signedPreKeys data"}
{"level":30,"time":"2026-04-23T13:12:32.585Z","msg":"[SignalProtocolStore] Finished caching preKeys data"}
{"level":30,"time":"2026-04-23T13:12:32.585Z","msg":"[SignalProtocolStore] Finished caching kyberPreKeys data"}
{"level":30,"time":"2026-04-23T13:12:32.585Z","msg":"[SignalProtocolStore] Finished caching sessions data"}
{"level":30,"time":"2026-04-23T13:12:32.585Z","msg":"[SignalProtocolStore] Finished caching senderKeys data"}
{"level":30,"time":"2026-04-23T13:12:32.587Z","msg":"[ConversationController] checkForConflicts: starting..."}
{"level":30,"time":"2026-04-23T13:12:32.587Z","msg":"[ConversationController] checkForConflicts: complete!"}
{"level":30,"time":"2026-04-23T13:12:32.587Z","msg":"[donations] _getWorkflowFromStorage: No workflow found in storage"}
{"level":30,"time":"2026-04-23T13:12:32.587Z","msg":"[Storage] getItemsState: now preparing copy of items..."}
{"level":30,"time":"2026-04-23T13:12:32.589Z","msg":"[JobQueue] conversation job queue: starting to stream jobs"}
{"level":30,"time":"2026-04-23T13:12:32.590Z","msg":"[JobQueueDatabaseStore] fetching existing jobs for queue \"conversation\""}
{"level":30,"time":"2026-04-23T13:12:32.590Z","msg":"[JobQueue] groupAvatar job queue: starting to stream jobs"}
{"level":30,"time":"2026-04-23T13:12:32.590Z","msg":"[JobQueueDatabaseStore] fetching existing jobs for queue \"groupAvatar\""}
{"level":30,"time":"2026-04-23T13:12:32.590Z","msg":"[JobQueue] single proto job queue: starting to stream jobs"}
{"level":30,"time":"2026-04-23T13:12:32.590Z","msg":"[JobQueueDatabaseStore] fetching existing jobs for queue \"single proto\""}
{"level":30,"time":"2026-04-23T13:12:32.590Z","msg":"[JobQueue] read sync job queue: starting to stream jobs"}
{"level":30,"time":"2026-04-23T13:12:32.590Z","msg":"[JobQueueDatabaseStore] fetching existing jobs for queue \"read sync\""}
{"level":30,"time":"2026-04-23T13:12:32.590Z","msg":"[JobQueue] view sync job queue: starting to stream jobs"}
{"level":30,"time":"2026-04-23T13:12:32.590Z","msg":"[JobQueueDatabaseStore] fetching existing jobs for queue \"view sync\""}
{"level":30,"time":"2026-04-23T13:12:32.590Z","msg":"[JobQueue] view once open sync job queue: starting to stream jobs"}
{"level":30,"time":"2026-04-23T13:12:32.590Z","msg":"[JobQueueDatabaseStore] fetching existing jobs for queue \"view once open sync\""}
{"level":30,"time":"2026-04-23T13:12:32.590Z","msg":"[JobQueue] delete downloads job queue: starting to stream jobs"}
{"level":30,"time":"2026-04-23T13:12:32.590Z","msg":"[JobQueueDatabaseStore] fetching existing jobs for queue \"delete downloads\""}
{"level":30,"time":"2026-04-23T13:12:32.590Z","msg":"[JobQueue] remove storage key job queue: starting to stream jobs"}
{"level":30,"time":"2026-04-23T13:12:32.590Z","msg":"[JobQueueDatabaseStore] fetching existing jobs for queue \"remove storage key\""}
{"level":30,"time":"2026-04-23T13:12:32.590Z","msg":"[JobQueue] report spam job queue: starting to stream jobs"}
{"level":30,"time":"2026-04-23T13:12:32.590Z","msg":"[JobQueueDatabaseStore] fetching existing jobs for queue \"report spam\""}
{"level":30,"time":"2026-04-23T13:12:32.590Z","msg":"[JobQueue] call link refresh job queue: starting to stream jobs"}
{"level":30,"time":"2026-04-23T13:12:32.590Z","msg":"[JobQueueDatabaseStore] fetching existing jobs for queue \"call link refresh\""}
{"level":30,"time":"2026-04-23T13:12:32.590Z","msg":"[ExpiringEntityCleanupService] [ChatFolders] start(initializeAllJobQueues) starting"}
{"level":30,"time":"2026-04-23T13:12:32.591Z","msg":"[ExpiringEntityCleanupService] [ChatFolders] deleting expired entities"}
{"level":30,"time":"2026-04-23T13:12:32.591Z","msg":"[ExpiringEntityCleanupService] [PinnedMessages] start(initializeAllJobQueues) starting"}
{"level":30,"time":"2026-04-23T13:12:32.591Z","msg":"[ExpiringEntityCleanupService] [PinnedMessages] deleting expired entities"}
{"level":30,"time":"2026-04-23T13:12:32.591Z","msg":"[challenge] loading 0 challenges"}
{"level":30,"time":"2026-04-23T13:12:32.591Z","msg":"[networkObserver] Initializing network observer"}
{"level":30,"time":"2026-04-23T13:12:32.592Z","msg":"[badgeImageFileDownloader] BadgeDownloader#checkForFilesToDownload: downloading 0 badge(s)"}
{"level":30,"time":"2026-04-23T13:12:32.592Z","msg":"[CheckScheduler] [KeyTransparency] running the check at 2026-04-29T21:20:40.900Z"}
{"level":30,"time":"2026-04-23T13:12:32.592Z","msg":"[background] Blocked uuids cleanup: starting..."}
{"level":30,"time":"2026-04-23T13:12:32.592Z","msg":"[background] Blocked uuids cleanup: complete"}
{"level":30,"time":"2026-04-23T13:12:32.592Z","msg":"[background] Expiration start timestamp cleanup: starting..."}
{"level":30,"time":"2026-04-23T13:12:32.593Z","msg":"[JobQueueDatabaseStore] finished fetching existing 0 jobs for queue \"read sync\""}
{"level":30,"time":"2026-04-23T13:12:32.593Z","msg":"[JobQueueDatabaseStore] finished fetching existing 0 jobs for queue \"remove storage key\""}
{"level":30,"time":"2026-04-23T13:12:32.593Z","msg":"[JobQueueDatabaseStore] finished fetching existing 0 jobs for queue \"groupAvatar\""}
{"level":30,"time":"2026-04-23T13:12:32.593Z","msg":"[JobQueueDatabaseStore] finished fetching existing 0 jobs for queue \"view once open sync\""}
{"level":30,"time":"2026-04-23T13:12:32.593Z","msg":"[JobQueueDatabaseStore] finished fetching existing 0 jobs for queue \"conversation\""}
{"level":30,"time":"2026-04-23T13:12:32.593Z","msg":"[JobQueueDatabaseStore] finished fetching existing 0 jobs for queue \"view sync\""}
{"level":30,"time":"2026-04-23T13:12:32.593Z","msg":"[JobQueueDatabaseStore] finished fetching existing 0 jobs for queue \"single proto\""}
{"level":30,"time":"2026-04-23T13:12:32.593Z","msg":"[JobQueueDatabaseStore] finished fetching existing 0 jobs for queue \"delete downloads\""}
{"level":30,"time":"2026-04-23T13:12:32.593Z","msg":"[JobQueueDatabaseStore] finished fetching existing 0 jobs for queue \"report spam\""}
{"level":30,"time":"2026-04-23T13:12:32.593Z","msg":"[JobQueueDatabaseStore] finished fetching existing 0 jobs for queue \"call link refresh\""}
{"level":30,"time":"2026-04-23T13:12:32.593Z","msg":"[CallLinkFinalizeDeleteManager] CallLinkDeleteJobType/enqueueAllDeletedCallLinks: Found 0 call links to delete"}
{"level":30,"time":"2026-04-23T13:12:32.593Z","msg":"[JobManager] CallLinkFinalizeDeleteManager: starting"}
{"level":30,"time":"2026-04-23T13:12:32.593Z","msg":"[ExpiringEntityCleanupService] [ChatFolders] deleted 0 entities: "}
{"level":30,"time":"2026-04-23T13:12:32.593Z","msg":"[ExpiringEntityCleanupService] [PinnedMessages] deleted 0 entities: "}
{"level":30,"time":"2026-04-23T13:12:32.594Z","msg":"[background] Expiration start timestamp cleanup: Found 0 messages for cleanup"}
{"level":30,"time":"2026-04-23T13:12:32.594Z","msg":"[background] Expiration start timestamp cleanup: Canceling update; we don't have our own UUID"}
{"level":30,"time":"2026-04-23T13:12:32.594Z","msg":"[background] Expiration start timestamp cleanup: complete"}
{"level":30,"time":"2026-04-23T13:12:32.594Z","msg":"[syncTasks] Fetching tasks"}
{"level":30,"time":"2026-04-23T13:12:32.594Z","msg":"[ExpiringEntityCleanupService] [ChatFolders] no expiring entity found"}
{"level":30,"time":"2026-04-23T13:12:32.594Z","msg":"[ExpiringEntityCleanupService] [PinnedMessages] no expiring entity found"}
{"level":30,"time":"2026-04-23T13:12:32.594Z","msg":"[syncTasks] Startup/syncTasks: No sync tasks to process, stopping"}
{"level":30,"time":"2026-04-23T13:12:32.595Z","msg":"[notificationProfilesService] notificationProfileService: starting"}
{"level":30,"time":"2026-04-23T13:12:32.599Z","msg":"[notificationProfilesService] notificationProfileService: finding next profile event"}
{"level":30,"time":"2026-04-23T13:12:32.600Z","msg":"[notificationProfilesService] notificationProfileService: no future event found. setting no timeout"}
{"level":30,"time":"2026-04-23T13:12:32.600Z","msg":"[Provisioner] starting"}
{"level":30,"time":"2026-04-23T13:12:32.600Z","msg":"[@signalapp/libsignal-client] connecting provisioning chat libsignal_bridge_types::net::chat rust/bridge/shared/types/src/net/chat.rs:496"}
{"level":30,"time":"2026-04-23T13:12:32.600Z","msg":"[@signalapp/libsignal-client] [provisioning] starting connection attempt with 1 routes libsignal_net::connect_state rust/net/src/connect_state.rs:572"}
{"level":30,"time":"2026-04-23T13:12:32.603Z","msg":"[expiration] Build expires (local): 2026-07-14T18:31:50.000Z"}
{"level":30,"time":"2026-04-23T13:12:32.633Z","msg":"[@signalapp/libsignal-client] [provisioning 0 V6] TCP connection failed: kind=NetworkUnreachable, errno=Some(101) libsignal_net_infra::tcp_ssl rust/net/infra/src/tcp_ssl.rs:121"}
{"level":30,"time":"2026-04-23T13:12:32.633Z","msg":"[@signalapp/libsignal-client] [provisioning 0 V6] TCP failed after 19.627µs: Failed to establish TCP connection to any of the IPs libsignal_net_infra::route::connect::logging rust/net/infra/src/route/connect/logging.rs:95"}
{"level":30,"time":"2026-04-23T13:12:32.882Z","msg":"[@signalapp/libsignal-client] [preconnect] connection succeeded after 505.706ms libsignal_net::connect_state rust/net/src/connect_state.rs:835"}
{"level":30,"time":"2026-04-23T13:12:32.891Z","msg":"[preconnect] WebAPI: preconnect done"}
{"level":30,"time":"2026-04-23T13:12:33.085Z","msg":"[storage] storageServiceUploadJob(new conversation): called before enabled "}
{"level":30,"time":"2026-04-23T13:12:33.185Z","msg":"[@signalapp/libsignal-client] [provisioning] connection through chat.signal.org:443 (direct) succeeded after 584.442ms libsignal_net::connect_state rust/net/src/connect_state.rs:615"}
{"level":30,"time":"2026-04-23T13:12:33.185Z","msg":"[@signalapp/libsignal-client] successfully connected provisioning chat libsignal_bridge_types::net::chat rust/bridge/shared/types/src/net/chat.rs:538"}
{"level":30,"time":"2026-04-23T13:12:33.198Z","msg":"[Provisioner] Provisioner.loop(0): connected, refreshing in 45000ms"}
{"level":30,"time":"2026-04-23T13:12:33.198Z","msg":"[@signalapp/libsignal-client] acknowledging provisioning address with 200 OK libsignal_net::chat::server_requests rust/net/src/chat/server_requests.rs:241"}
{"level":30,"time":"2026-04-23T13:12:33.595Z","msg":"[expiringMessagesDeletion] checkExpiringMessages: checking for expiring messages"}
{"level":30,"time":"2026-04-23T13:12:33.597Z","msg":"[expiringMessagesDeletion] checkExpiringMessages: found no messages to expire"}
{"level":30,"time":"2026-04-23T13:12:37.624Z","msg":"[background] shutdown"}
{"level":30,"time":"2026-04-23T13:12:37.625Z","msg":"[AttachmentBackupManager] stopping"}
{"level":40,"time":"2026-04-23T13:12:37.625Z","msg":"[WebAPI] cancelInflightRequests/Shutdown: Canceling 0 requests"}
{"level":40,"time":"2026-04-23T13:12:37.625Z","msg":"[WebAPI] cancelInflightRequests/Shutdown: Done"}
{"level":30,"time":"2026-04-23T13:12:37.625Z","msg":"[background] shutdown: shutting down messageReceiver"}
{"level":30,"time":"2026-04-23T13:12:37.625Z","msg":"[MessageReceiver] stopProcessing"}
{"level":30,"time":"2026-04-23T13:12:37.625Z","msg":"[batcher] waitForAllBatchers"}
{"level":30,"time":"2026-04-23T13:12:37.625Z","msg":"[batcher] Flushing sql.Client.updateConversationBatcher batcher items.length=0"}
{"level":30,"time":"2026-04-23T13:12:37.625Z","msg":"[batcher] Flushing complete sql.Client.updateConversationBatcher for batcher"}
{"level":30,"time":"2026-04-23T13:12:37.625Z","msg":"[batcher] Flushing deliveryReceiptBatcher batcher items.length=0"}
{"level":30,"time":"2026-04-23T13:12:37.625Z","msg":"[batcher] Flushing complete deliveryReceiptBatcher for batcher"}
{"level":30,"time":"2026-04-23T13:12:37.625Z","msg":"[batcher] Flushing changedConvoBatcher batcher items.length=0"}
{"level":30,"time":"2026-04-23T13:12:37.625Z","msg":"[batcher] Flushing complete changedConvoBatcher for batcher"}
{"level":30,"time":"2026-04-23T13:12:37.625Z","msg":"[batcher] Flushing respondWithProfileKeyBatcher batcher items.length=0"}
{"level":30,"time":"2026-04-23T13:12:37.625Z","msg":"[batcher] Flushing complete respondWithProfileKeyBatcher for batcher"}
{"level":30,"time":"2026-04-23T13:12:37.625Z","msg":"[batcher] Flushing MessageReceiver.decryptAndCacheBatcher batcher items.length=0"}
{"level":30,"time":"2026-04-23T13:12:37.625Z","msg":"[batcher] Flushing complete MessageReceiver.decryptAndCacheBatcher for batcher"}
{"level":30,"time":"2026-04-23T13:12:37.625Z","msg":"[batcher] Flushing MessageReceiver.cacheRemoveBatcher batcher items.length=0"}
{"level":30,"time":"2026-04-23T13:12:37.625Z","msg":"[batcher] Flushing complete MessageReceiver.cacheRemoveBatcher for batcher"}
{"level":30,"time":"2026-04-23T13:12:37.625Z","msg":"[background] shutdown: flushing conversations"}
{"level":30,"time":"2026-04-23T13:12:37.625Z","msg":"[sleeper] shutting down, settling 0 in-progress sleep calls"}
{"level":30,"time":"2026-04-23T13:12:37.625Z","msg":"[sleeper] sleep tasks settled"}
{"level":30,"time":"2026-04-23T13:12:37.625Z","msg":"[background] shutdown: shutting down queues"}
{"level":30,"time":"2026-04-23T13:12:37.625Z","msg":"[StartupQueue] Waiting for 0 tasks to drain"}
{"level":30,"time":"2026-04-23T13:12:37.625Z","msg":"[JobQueue] call link refresh job queue: shutdown: stop accepting new work and drain 1 promise queues"}
{"level":30,"time":"2026-04-23T13:12:37.626Z","msg":"[JobQueue] conversation job queue: shutdown: stop accepting new work and drain 0 promise queues"}
{"level":30,"time":"2026-04-23T13:12:37.626Z","msg":"[JobQueue] groupAvatar job queue: shutdown: stop accepting new work and drain 1 promise queues"}
{"level":30,"time":"2026-04-23T13:12:37.626Z","msg":"[JobQueue] single proto job queue: shutdown: stop accepting new work and drain 1 promise queues"}
{"level":30,"time":"2026-04-23T13:12:37.626Z","msg":"[JobQueue] read sync job queue: shutdown: stop accepting new work and drain 1 promise queues"}
{"level":30,"time":"2026-04-23T13:12:37.626Z","msg":"[JobQueue] view sync job queue: shutdown: stop accepting new work and drain 1 promise queues"}
{"level":30,"time":"2026-04-23T13:12:37.626Z","msg":"[JobQueue] view once open sync job queue: shutdown: stop accepting new work and drain 1 promise queues"}
{"level":30,"time":"2026-04-23T13:12:37.626Z","msg":"[JobQueue] remove storage key job queue: shutdown: stop accepting new work and drain 1 promise queues"}
{"level":30,"time":"2026-04-23T13:12:37.626Z","msg":"[JobQueue] report spam job queue: shutdown: stop accepting new work and drain 1 promise queues"}
{"level":30,"time":"2026-04-23T13:12:37.626Z","msg":"[JobManager] CallLinkFinalizeDeleteManager: stopping. There are 0 active job(s)"}
{"level":30,"time":"2026-04-23T13:12:37.626Z","msg":"[ExpiringEntityCleanupService] [ChatFolders] stop(shutdownAllJobQueues) stopping"}
{"level":30,"time":"2026-04-23T13:12:37.626Z","msg":"[ExpiringEntityCleanupService] [ChatFolders] deleting expired entities"}
{"level":30,"time":"2026-04-23T13:12:37.626Z","msg":"[ExpiringEntityCleanupService] [PinnedMessages] stop(shutdownAllJobQueues) stopping"}
{"level":30,"time":"2026-04-23T13:12:37.626Z","msg":"[ExpiringEntityCleanupService] [PinnedMessages] deleting expired entities"}
{"level":30,"time":"2026-04-23T13:12:37.626Z","msg":"[JobQueue] conversation job queue: shutdown: complete"}
{"level":30,"time":"2026-04-23T13:12:37.626Z","msg":"[JobQueue] call link refresh job queue: shutdown: complete"}
{"level":30,"time":"2026-04-23T13:12:37.626Z","msg":"[JobQueue] groupAvatar job queue: shutdown: complete"}
{"level":30,"time":"2026-04-23T13:12:37.626Z","msg":"[JobQueue] single proto job queue: shutdown: complete"}
{"level":30,"time":"2026-04-23T13:12:37.626Z","msg":"[JobQueue] read sync job queue: shutdown: complete"}
{"level":30,"time":"2026-04-23T13:12:37.626Z","msg":"[JobQueue] view sync job queue: shutdown: complete"}
{"level":30,"time":"2026-04-23T13:12:37.626Z","msg":"[JobQueue] view once open sync job queue: shutdown: complete"}
{"level":30,"time":"2026-04-23T13:12:37.626Z","msg":"[JobQueue] remove storage key job queue: shutdown: complete"}
{"level":30,"time":"2026-04-23T13:12:37.626Z","msg":"[JobQueue] report spam job queue: shutdown: complete"}
{"level":30,"time":"2026-04-23T13:12:37.629Z","msg":"[ExpiringEntityCleanupService] [ChatFolders] deleted 0 entities: "}
{"level":30,"time":"2026-04-23T13:12:37.629Z","msg":"[ExpiringEntityCleanupService] [PinnedMessages] deleted 0 entities: "}
{"level":30,"time":"2026-04-23T13:12:37.629Z","msg":"[background] shutdown: shutting down conversation queues"}
{"level":30,"time":"2026-04-23T13:12:37.629Z","msg":"[conversations] conversation [REDACTED]111 ([REDACTED]ad7) jobQueue shutdown start"}
{"level":30,"time":"2026-04-23T13:12:37.629Z","msg":"[conversations] conversation [REDACTED]111 ([REDACTED]ad7) no jobQueue to shutdown"}
{"level":30,"time":"2026-04-23T13:12:37.629Z","msg":"[background] shutdown: all queues shutdown"}
{"level":30,"time":"2026-04-23T13:12:37.629Z","msg":"[background] shutdown: waiting for all batchers"}
{"level":30,"time":"2026-04-23T13:12:37.629Z","msg":"[batcher] waitForAllBatchers"}
{"level":30,"time":"2026-04-23T13:12:37.629Z","msg":"[batcher] Flushing sql.Client.updateConversationBatcher batcher items.length=0"}
{"level":30,"time":"2026-04-23T13:12:37.629Z","msg":"[batcher] Flushing complete sql.Client.updateConversationBatcher for batcher"}
{"level":30,"time":"2026-04-23T13:12:37.629Z","msg":"[batcher] Flushing deliveryReceiptBatcher batcher items.length=0"}
{"level":30,"time":"2026-04-23T13:12:37.629Z","msg":"[batcher] Flushing complete deliveryReceiptBatcher for batcher"}
{"level":30,"time":"2026-04-23T13:12:37.629Z","msg":"[batcher] Flushing changedConvoBatcher batcher items.length=0"}
{"level":30,"time":"2026-04-23T13:12:37.629Z","msg":"[batcher] Flushing complete changedConvoBatcher for batcher"}
{"level":30,"time":"2026-04-23T13:12:37.629Z","msg":"[batcher] Flushing respondWithProfileKeyBatcher batcher items.length=0"}
{"level":30,"time":"2026-04-23T13:12:37.629Z","msg":"[batcher] Flushing complete respondWithProfileKeyBatcher for batcher"}
{"level":30,"time":"2026-04-23T13:12:37.629Z","msg":"[batcher] Flushing MessageReceiver.decryptAndCacheBatcher batcher items.length=0"}
{"level":30,"time":"2026-04-23T13:12:37.629Z","msg":"[batcher] Flushing complete MessageReceiver.decryptAndCacheBatcher for batcher"}
{"level":30,"time":"2026-04-23T13:12:37.629Z","msg":"[batcher] Flushing MessageReceiver.cacheRemoveBatcher batcher items.length=0"}
{"level":30,"time":"2026-04-23T13:12:37.629Z","msg":"[batcher] Flushing complete MessageReceiver.cacheRemoveBatcher for batcher"}
{"level":30,"time":"2026-04-23T13:12:37.629Z","msg":"[waitBatcher] waitForAllWaitBatchers"}
{"level":30,"time":"2026-04-23T13:12:37.629Z","msg":"[background] shutdown: waiting for all attachment backups & downloads to finish"}
{"level":30,"time":"2026-04-23T13:12:37.629Z","msg":"[background] shutdown: closing the database"}
{"level":30,"time":"2026-04-23T13:12:37.629Z","msg":"[Client] shutdown"}
{"level":30,"time":"2026-04-23T13:12:37.630Z","msg":"[channels] data.shutdown: shutdown requested. 0 jobs outstanding"}
{"level":30,"time":"2026-04-23T13:12:37.643Z","msg":"[notifications] NotificationService: clearing notification and updating"}
{"level":30,"time":"2026-04-23T13:12:37.643Z","msg":"[notifications] NotificationService not updating notifications. Notifications are disabled; app is not focused; there is no notification data"}
